---
source: tui2/src/agent_cell/render.rs
expression: rendered
---
• general(Run failing command) (ctrl+o to collapse)
  ├ Prompt:
  │   Try to read a non-existent file
  ├ Shell(cat /nonexistent/file.txt)
  ├ cat: /nonexistent/file.txt: No such file or directory
  ├ Error:
  │   File not found
  └ Failed (1 tool use · 0.0s)
