---
source: tui2/src/agent_cell/render.rs
expression: rendered
---
• 2 agents completed (ctrl+o to collapse)
├─ • Explore(Search files)
│  ├ Prompt:
│  │   Find all Rust files
│  ├ Shell(find . -name '*.rs')
│  ├ src/main.rs
│    src/lib.rs
│  ├ Response:
│  │   Found 2 files
│  └ Done (1 tool use · 0.0s)
└─ • Plan(Design solution)
   ├ Prompt:
   │   Create implementation plan
   ├ Response:
   │   Plan created
   └ Done (0 tool uses · 0.0s)
